You have chosen to generate 3-grams
You have chosen to generate 1-skip-3-grams
final_regressor = models/0001.model
creating cache_file = train-sets/0001.dat.cache
Reading from train-sets/0001.dat
num sources = 1
Num weight bits = 17
learning rate = 2.56e+06
initial_t = 128000
power_t = 1
decay_learning_rate = 1
average    since       example  example    current  current  current
loss       last        counter   weight      label  predict features
1.000000   1.000000          3      3.0     0.0000   1.0000      326
0.666667   0.333333          6      6.0     1.0000   0.0000      170
0.545455   0.400000         11     11.0     0.0000   0.0000      212
0.460134   0.374814         22     22.0     1.0000   0.0000      512
0.435176   0.410217         44     44.0     0.0000   1.0000      380
0.449784   0.464733         87     87.0     1.0000   0.0000      350
0.382986   0.316187        174    174.0     1.0000   0.0000      140
0.238299   0.093611        348    348.0     1.0000   1.0000      152

finished run
number of examples = 400
weighted example sum = 400
weighted label sum = 182
average loss = 0.2179
best constant = 1.002
total feature number = 179384
