final_regressor = models/0021.model
Num weight bits = 16
learning rate = 10
initial_t = 1
power_t = 0.5
decay_learning_rate = 1
randomly initializing neural network output weights and hidden bias
creating cache_file = train-sets/3parity.cache
Reading from train-sets/3parity
num sources = 1
average    since         example     example  current  current  current
loss       last          counter      weight    label  predict features
1.435731   1.435731            3         3.0   1.0000  -1.0000        4
1.965783   2.495835            6         6.0   1.0000   0.8038        4
2.377791   2.872200           11        11.0   1.0000  -1.0000        4
2.396167   2.414543           22        22.0   1.0000   0.7269        4
2.680467   2.964768           44        44.0  -1.0000   0.9079        4
2.787990   2.898013           87        87.0  -1.0000   1.0000        4
2.829914   2.871839          174       174.0   1.0000   0.8361        4
2.747750   2.665585          348       348.0  -1.0000  -0.0307        4
2.313771   1.879793          696       696.0   1.0000  -0.7946        4
2.025535   1.737298         1392      1392.0   1.0000  -0.6056        4
1.455968   0.886402         2784      2784.0   1.0000   0.8475        4
1.056423   0.656878         5568      5568.0   1.0000   1.0000        4
0.534453   0.012390        11135     11135.0  -1.0000  -1.0000        4

finished run
number of examples = 16000
weighted example sum = 1.6e+04
weighted label sum = 0
average loss = 0.3719
best constant = -6.25e-05
total feature number = 64000
