
Termination condition reached in pass 18: decrease in loss less than 0.100%.
If you want to optimize further, decrease termination threshold.

Termination condition reached in pass 19: decrease in loss less than 0.100%.
If you want to optimize further, decrease termination threshold.
