your learning rate is too high, setting it to 1
using no cache
Reading from train-sets/wiki1K.dat
num sources = 1
Num weight bits = 13
learning rate = 1
initial_t = 1
power_t = 0.5
average    since       example  example    current  current  current
loss       last        counter   weight      label  predict features
10.276554  10.276554         3      3.0    unknown   0.0000       37
10.341702  10.406850         6      6.0    unknown   0.0000       13
10.311267  10.274745        11     11.0    unknown   0.0000       31
10.452011  10.592755        22     22.0    unknown   0.0000        1
10.439259  10.426508        44     44.0    unknown   0.0000      165
10.459817  10.480853        87     87.0    unknown   0.0000       28
10.093517  9.727217        174    174.0    unknown   0.0000       16
9.566490   9.039462        348    348.0    unknown   0.0000        1
9.066547   8.566603        696    696.0    unknown   0.0000      142

finished run
number of examples = 1000
weighted example sum = 1000
weighted label sum = 0
average loss = 8.855
best constant = 1
total feature number = 86919
